Assign 1 result count: 0
MD13278 after Assign 1: Danh Long Vượng, Đại Trung
MD13275 after Assign 1: Danh Long Vượng
FD4000 after Assign 1: Danh Long Vượng

Assign 2 result count: 1
MD13278 after Assign 2: Danh Long Vượng, Đại Trung
MD13275 after Assign 2: 
FD4000 after Assign 2: Danh Long Vượng

Reverted to original state.